// Jest Snapshot v1, https://goo.gl/fbAQLP

exports[`Documents Documents page is rendered 1`] = `
<div>
  <div
    class="css-bd26up-Flex"
  >
    <div
      class="css-sgv2ec-Flex"
    >
      <div
        class="css-1u9w373-Box"
      >
        <img
          alt=" logo"
          class="css-5gqyw6-Box"
          height="auto"
          src="/ningi-logo-light.webp"
          width="120px"
        />
      </div>
    </div>
    <div
      class="css-vd02hx-Flex"
    >
      <div
        class="css-f68wjp-Flex"
      >
        <div
          class="css-1rvitfq-Flex"
        >
          <div
            class="css-vii8pg-Flex"
          >
            <div
              class="css-14p1f3h-Flex"
            >
              <div
                class="css-4s1fvz-Flex"
              >
                <div
                  class="css-kvl0hh-Box"
                >
                  <svg
                    fill="currentColor"
                    height="24"
                    viewBox="0 0 256 256"
                    width="24"
                    xmlns="http://www.w3.org/2000/svg"
                  >
                    <rect
                      fill="none"
                      height="256"
                      width="256"
                    />
                    <path
                      d="M213.4,109.6l-80-72.7a8,8,0,0,0-10.8,0l-80,72.7a8.3,8.3,0,0,0-2.6,5.9V208a8,8,0,0,0,8,8H208a8,8,0,0,0,8-8V115.5A8.3,8.3,0,0,0,213.4,109.6Z"
                      fill="none"
                      stroke="currentColor"
                      stroke-linecap="round"
                      stroke-linejoin="round"
                      stroke-width="16"
                    />
                  </svg>
                </div>
                <p
                  class="css-b717qx-Paragraph"
                >
                  Dashboard
                </p>
              </div>
            </div>
            <div
              class="css-14p1f3h-Flex"
            >
              <div
                class="css-4s1fvz-Flex"
              >
                <div
                  class="css-kvl0hh-Box"
                >
                  <svg
                    fill="currentColor"
                    height="24"
                    viewBox="0 0 256 256"
                    width="24"
                    xmlns="http://www.w3.org/2000/svg"
                  >
                    <rect
                      fill="none"
                      height="256"
                      width="256"
                    />
                    <path
                      d="M168,224H56a8,8,0,0,1-8-8V72a8,8,0,0,1,8-8h80l40,40V216A8,8,0,0,1,168,224Z"
                      fill="none"
                      stroke="currentColor"
                      stroke-linecap="round"
                      stroke-linejoin="round"
                      stroke-width="16"
                    />
                    <path
                      d="M80,64V40a8,8,0,0,1,8-8h80l40,40V184a8,8,0,0,1-8,8H176"
                      fill="none"
                      stroke="currentColor"
                      stroke-linecap="round"
                      stroke-linejoin="round"
                      stroke-width="16"
                    />
                    <line
                      fill="none"
                      stroke="currentColor"
                      stroke-linecap="round"
                      stroke-linejoin="round"
                      stroke-width="16"
                      x1="88"
                      x2="136"
                      y1="152"
                      y2="152"
                    />
                    <line
                      fill="none"
                      stroke="currentColor"
                      stroke-linecap="round"
                      stroke-linejoin="round"
                      stroke-width="16"
                      x1="88"
                      x2="136"
                      y1="184"
                      y2="184"
                    />
                  </svg>
                </div>
                <p
                  class="css-b717qx-Paragraph"
                >
                  Documents
                </p>
              </div>
            </div>
            <div
              class="css-14p1f3h-Flex"
            >
              <div
                class="css-4s1fvz-Flex"
              >
                <div
                  class="css-kvl0hh-Box"
                >
                  <svg
                    fill="currentColor"
                    height="24"
                    viewBox="0 0 256 256"
                    width="24"
                    xmlns="http://www.w3.org/2000/svg"
                  >
                    <rect
                      fill="none"
                      height="256"
                      width="256"
                    />
                    <path
                      d="M72,224H56a8,8,0,0,1-8-8V184"
                      fill="none"
                      stroke="currentColor"
                      stroke-linecap="round"
                      stroke-linejoin="round"
                      stroke-width="16"
                    />
                    <polyline
                      fill="none"
                      points="120 32 152 32 208 88 208 136"
                      stroke="currentColor"
                      stroke-linecap="round"
                      stroke-linejoin="round"
                      stroke-width="16"
                    />
                    <path
                      d="M48,64V40a8,8,0,0,1,8-8H80"
                      fill="none"
                      stroke="currentColor"
                      stroke-linecap="round"
                      stroke-linejoin="round"
                      stroke-width="16"
                    />
                    <polyline
                      fill="none"
                      points="152 32 152 88 208 88"
                      stroke="currentColor"
                      stroke-linecap="round"
                      stroke-linejoin="round"
                      stroke-width="16"
                    />
                    <path
                      d="M208,176v40a8,8,0,0,1-8,8h-8"
                      fill="none"
                      stroke="currentColor"
                      stroke-linecap="round"
                      stroke-linejoin="round"
                      stroke-width="16"
                    />
                    <line
                      fill="none"
                      stroke="currentColor"
                      stroke-linecap="round"
                      stroke-linejoin="round"
                      stroke-width="16"
                      x1="48"
                      x2="48"
                      y1="104"
                      y2="144"
                    />
                    <line
                      fill="none"
                      stroke="currentColor"
                      stroke-linecap="round"
                      stroke-linejoin="round"
                      stroke-width="16"
                      x1="112"
                      x2="152"
                      y1="224"
                      y2="224"
                    />
                  </svg>
                </div>
                <p
                  class="css-b717qx-Paragraph"
                >
                  Templates
                </p>
              </div>
            </div>
            <div
              class="css-14p1f3h-Flex"
            >
              <div
                class="css-4s1fvz-Flex"
              >
                <div
                  class="css-kvl0hh-Box"
                >
                  <svg
                    fill="currentColor"
                    height="24"
                    viewBox="0 0 256 256"
                    width="24"
                    xmlns="http://www.w3.org/2000/svg"
                  >
                    <rect
                      fill="none"
                      height="256"
                      width="256"
                    />
                    <path
                      d="M122.7,25.9,42,42,25.9,122.7a8,8,0,0,0,2.2,7.2L132.5,234.3a7.9,7.9,0,0,0,11.3,0l90.5-90.5a7.9,7.9,0,0,0,0-11.3L129.9,28.1A8,8,0,0,0,122.7,25.9Z"
                      fill="none"
                      stroke="currentColor"
                      stroke-linecap="round"
                      stroke-linejoin="round"
                      stroke-width="16"
                    />
                    <circle
                      cx="84"
                      cy="84"
                      r="12"
                    />
                  </svg>
                </div>
                <p
                  class="css-b717qx-Paragraph"
                >
                  Tags
                </p>
              </div>
            </div>
            <div
              class="css-14p1f3h-Flex"
            >
              <div
                class="css-4s1fvz-Flex"
              >
                <div
                  class="css-kvl0hh-Box"
                >
                  <svg
                    fill="currentColor"
                    height="24"
                    viewBox="0 0 256 256"
                    width="24"
                    xmlns="http://www.w3.org/2000/svg"
                  >
                    <rect
                      fill="none"
                      height="256"
                      width="256"
                    />
                    <polyline
                      fill="none"
                      points="152 32 152 88 208 88"
                      stroke="currentColor"
                      stroke-linecap="round"
                      stroke-linejoin="round"
                      stroke-width="16"
                    />
                    <polyline
                      fill="none"
                      points="148 128 172 152 148 176"
                      stroke="currentColor"
                      stroke-linecap="round"
                      stroke-linejoin="round"
                      stroke-width="16"
                    />
                    <polyline
                      fill="none"
                      points="108 128 84 152 108 176"
                      stroke="currentColor"
                      stroke-linecap="round"
                      stroke-linejoin="round"
                      stroke-width="16"
                    />
                    <path
                      d="M200,224a8,8,0,0,0,8-8V88L152,32H56a8,8,0,0,0-8,8V216a8,8,0,0,0,8,8Z"
                      fill="none"
                      stroke="currentColor"
                      stroke-linecap="round"
                      stroke-linejoin="round"
                      stroke-width="16"
                    />
                  </svg>
                </div>
                <p
                  class="css-b717qx-Paragraph"
                >
                  Reports
                </p>
              </div>
            </div>
            <div
              class="css-14p1f3h-Flex"
            >
              <div
                class="css-4s1fvz-Flex"
              >
                <div
                  class="css-kvl0hh-Box"
                >
                  <svg
                    fill="currentColor"
                    height="24"
                    viewBox="0 0 256 256"
                    width="24"
                    xmlns="http://www.w3.org/2000/svg"
                  >
                    <rect
                      fill="none"
                      height="256"
                      width="256"
                    />
                    <path
                      d="M77.4,201.9l-32.3,27A8,8,0,0,1,32,222.8V64a8,8,0,0,1,8-8H216a8,8,0,0,1,8,8V192a8,8,0,0,1-8,8H82.5A7.8,7.8,0,0,0,77.4,201.9Z"
                      fill="none"
                      stroke="currentColor"
                      stroke-linecap="round"
                      stroke-linejoin="round"
                      stroke-width="16"
                    />
                  </svg>
                </div>
                <p
                  class="css-b717qx-Paragraph"
                >
                  Chat
                </p>
              </div>
            </div>
            <div
              class="css-14p1f3h-Flex"
            >
              <div
                class="css-4s1fvz-Flex"
              >
                <div
                  class="css-kvl0hh-Box"
                >
                  <svg
                    fill="currentColor"
                    height="24"
                    viewBox="0 0 256 256"
                    width="24"
                    xmlns="http://www.w3.org/2000/svg"
                  >
                    <rect
                      fill="none"
                      height="256"
                      width="256"
                    />
                    <polyline
                      fill="none"
                      points="174 86 216 128 174 170"
                      stroke="currentColor"
                      stroke-linecap="round"
                      stroke-linejoin="round"
                      stroke-width="16"
                    />
                    <line
                      fill="none"
                      stroke="currentColor"
                      stroke-linecap="round"
                      stroke-linejoin="round"
                      stroke-width="16"
                      x1="104"
                      x2="216"
                      y1="128"
                      y2="128"
                    />
                    <path
                      d="M104,216H48a8,8,0,0,1-8-8V48a8,8,0,0,1,8-8h56"
                      fill="none"
                      stroke="currentColor"
                      stroke-linecap="round"
                      stroke-linejoin="round"
                      stroke-width="16"
                    />
                  </svg>
                </div>
                <p
                  class="css-b717qx-Paragraph"
                >
                  Logout
                </p>
              </div>
            </div>
          </div>
        </div>
      </div>
      <div
        class="css-1bsurua-Flex"
      >
        <svg
          fill="currentColor"
          height="24"
          viewBox="0 0 256 256"
          width="24"
          xmlns="http://www.w3.org/2000/svg"
        >
          <rect
            fill="none"
            height="256"
            width="256"
          />
          <line
            stroke="currentColor"
            stroke-linecap="round"
            stroke-linejoin="round"
            stroke-width="16"
            x1="40"
            x2="216"
            y1="128"
            y2="128"
          />
          <line
            stroke="currentColor"
            stroke-linecap="round"
            stroke-linejoin="round"
            stroke-width="16"
            x1="40"
            x2="216"
            y1="64"
            y2="64"
          />
          <line
            stroke="currentColor"
            stroke-linecap="round"
            stroke-linejoin="round"
            stroke-width="16"
            x1="40"
            x2="216"
            y1="192"
            y2="192"
          />
        </svg>
      </div>
      <div
        class="css-1cadlib-Box"
      >
        <div
          class="sectionContainer css-2mnu78-Box"
        >
          <div
            class="css-18o3mxw-Box"
          >
            <p
              class="css-jszsqk-Paragraph"
            >
              Supporting Documents
            </p>
            <p
              class="css-4i7mhd-Paragraph"
            >
              
          Please upload the necessary support documents for data extraction in order to generate your reports.
            </p>
          </div>
          <div
            class="sectionContainer css-f1z29o-Flex"
          >
            <div
              class="css-1nm1zj4-Flex"
            >
              <button
                class="css-s66n2m-Button"
              >
                Add Document
              </button>
            </div>
          </div>
          <div
            class="css-15733po-Flex"
          >
            <div
              class="css-g89m8z-Box"
            >
              <p
                class="css-mdh5cj-Paragraph"
              >
                Label
                <span
                  style="color: firebrick;"
                />
              </p>
              <input
                class="css-1kwh4is-Input"
                data-testid="searchLabel"
                id="searchLabel"
                name="searchLabel"
                placeholder=""
                type="text"
              />
            </div>
            <div
              class="css-g89m8z-Box"
            >
              <p
                class="css-5ac9u8-Paragraph"
              >
                Embedded
                <span
                  style="color: firebrick;"
                />
              </p>
              <div
                class=" css-b62m3t-container"
              >
                <span
                  class="css-1f43avz-a11yText-A11yText"
                  id="react-select-2-live-region"
                />
                <span
                  aria-atomic="false"
                  aria-live="polite"
                  aria-relevant="additions text"
                  class="css-1f43avz-a11yText-A11yText"
                />
                <div
                  class=" css-bkffrx-control"
                >
                  <div
                    class=" css-1fdsijx-ValueContainer"
                  >
                    <div
                      class=" css-1dimb5e-singleValue"
                    >
                      all
                    </div>
                    <div
                      class=" css-qbdosj-Input"
                      data-value=""
                    >
                      <input
                        aria-autocomplete="list"
                        aria-expanded="false"
                        aria-haspopup="true"
                        autocapitalize="none"
                        autocomplete="off"
                        autocorrect="off"
                        class=""
                        id="react-select-2-input"
                        role="combobox"
                        spellcheck="false"
                        style="opacity: 1; width: 100%; grid-area: 1 / 2; min-width: 2px; border: 0px; margin: 0px; outline: 0; padding: 0px;"
                        tabindex="0"
                        type="text"
                        value=""
                      />
                    </div>
                  </div>
                  <div
                    class=" css-1hb7zxy-IndicatorsContainer"
                  >
                    <span
                      class=" css-1u9des2-indicatorSeparator"
                    />
                    <div
                      aria-hidden="true"
                      class=" css-1xc3v61-indicatorContainer"
                    >
                      <svg
                        aria-hidden="true"
                        class="css-tj5bde-Svg"
                        focusable="false"
                        height="20"
                        viewBox="0 0 20 20"
                        width="20"
                      >
                        <path
                          d="M4.516 7.548c0.436-0.446 1.043-0.481 1.576 0l3.908 3.747 3.908-3.747c0.533-0.481 1.141-0.446 1.574 0 0.436 0.445 0.408 1.197 0 1.615-0.406 0.418-4.695 4.502-4.695 4.502-0.217 0.223-0.502 0.335-0.787 0.335s-0.57-0.112-0.789-0.335c0 0-4.287-4.084-4.695-4.502s-0.436-1.17 0-1.615z"
                        />
                      </svg>
                    </div>
                  </div>
                </div>
              </div>
            </div>
            <div
              class="css-g89m8z-Box"
            >
              <p
                class="css-5ac9u8-Paragraph"
              >
                File type
                <span
                  style="color: firebrick;"
                />
              </p>
              <div
                class=" css-b62m3t-container"
              >
                <span
                  class="css-1f43avz-a11yText-A11yText"
                  id="react-select-3-live-region"
                />
                <span
                  aria-atomic="false"
                  aria-live="polite"
                  aria-relevant="additions text"
                  class="css-1f43avz-a11yText-A11yText"
                />
                <div
                  class=" css-bkffrx-control"
                >
                  <div
                    class=" css-1fdsijx-ValueContainer"
                  >
                    <div
                      class=" css-1dimb5e-singleValue"
                    >
                      all
                    </div>
                    <div
                      class=" css-qbdosj-Input"
                      data-value=""
                    >
                      <input
                        aria-autocomplete="list"
                        aria-expanded="false"
                        aria-haspopup="true"
                        autocapitalize="none"
                        autocomplete="off"
                        autocorrect="off"
                        class=""
                        id="react-select-3-input"
                        role="combobox"
                        spellcheck="false"
                        style="opacity: 1; width: 100%; grid-area: 1 / 2; min-width: 2px; border: 0px; margin: 0px; outline: 0; padding: 0px;"
                        tabindex="0"
                        type="text"
                        value=""
                      />
                    </div>
                  </div>
                  <div
                    class=" css-1hb7zxy-IndicatorsContainer"
                  >
                    <span
                      class=" css-1u9des2-indicatorSeparator"
                    />
                    <div
                      aria-hidden="true"
                      class=" css-1xc3v61-indicatorContainer"
                    >
                      <svg
                        aria-hidden="true"
                        class="css-tj5bde-Svg"
                        focusable="false"
                        height="20"
                        viewBox="0 0 20 20"
                        width="20"
                      >
                        <path
                          d="M4.516 7.548c0.436-0.446 1.043-0.481 1.576 0l3.908 3.747 3.908-3.747c0.533-0.481 1.141-0.446 1.574 0 0.436 0.445 0.408 1.197 0 1.615-0.406 0.418-4.695 4.502-4.695 4.502-0.217 0.223-0.502 0.335-0.787 0.335s-0.57-0.112-0.789-0.335c0 0-4.287-4.084-4.695-4.502s-0.436-1.17 0-1.615z"
                        />
                      </svg>
                    </div>
                  </div>
                </div>
              </div>
            </div>
            <p
              class="css-u5p07a-Paragraph"
            >
              clear
            </p>
          </div>
          <div
            class="css-fjbtlh-Flex"
          >
            <p
              class="css-1ddgde4-Paragraph"
            >
              No results found.
            </p>
            <div
              class="css-wcp2ss-Box"
            >
              <svg
                fill="#777"
                height="50"
                viewBox="0 0 256 256"
                width="50"
                xmlns="http://www.w3.org/2000/svg"
              >
                <rect
                  fill="none"
                  height="256"
                  width="256"
                />
                <path
                  d="M168,224H56a8,8,0,0,1-8-8V72a8,8,0,0,1,8-8h80l40,40V216A8,8,0,0,1,168,224Z"
                  fill="none"
                  stroke="#777"
                  stroke-linecap="round"
                  stroke-linejoin="round"
                  stroke-width="16"
                />
                <path
                  d="M80,64V40a8,8,0,0,1,8-8h80l40,40V184a8,8,0,0,1-8,8H176"
                  fill="none"
                  stroke="#777"
                  stroke-linecap="round"
                  stroke-linejoin="round"
                  stroke-width="16"
                />
                <line
                  fill="none"
                  stroke="#777"
                  stroke-linecap="round"
                  stroke-linejoin="round"
                  stroke-width="16"
                  x1="88"
                  x2="136"
                  y1="152"
                  y2="152"
                />
                <line
                  fill="none"
                  stroke="#777"
                  stroke-linecap="round"
                  stroke-linejoin="round"
                  stroke-width="16"
                  x1="88"
                  x2="136"
                  y1="184"
                  y2="184"
                />
              </svg>
            </div>
          </div>
        </div>
      </div>
    </div>
  </div>
</div>
`;
